// Jest Snapshot v1, https://goo.gl/fbAQLP

exports[`Rendering Main App component Renders 1`] = `
<client-for-reddit
  id="client"
>
  <header>
    <h1>
      Reddit Client: A Codecamy React/Redux project
    </h1>
  </header>
  <main>
    <nav>
      <Searchbar />
      <Filters />
    </nav>
    <section
      id="storeRender"
    >
      <h2>
        Select a category
      </h2>
      <img
        alt="Loading"
        src="https://upload.wikimedia.org/wikipedia/commons/2/2a/Loading_Key.gif"
      />
    </section>
  </main>
  <footer>
    <p>
      All data comes from Reddit.
    </p>
  </footer>
</client-for-reddit>
`;
